<area shape="rect" href="$rfidinputdialog_8h.html" title="Stellt die Eingabemaske, sowie die benötigten Funktionen zum auswerten von RFID&#45;Tags..." alt="" coords="1447,80,1639,107">
<area shape="rect" href="$beo__timing_8h.html" title="Hauptklasse der Applikation." alt="" coords="707,155,803,181">
<area shape="rect" href="$beo__timing_8cpp.html" title="Hauptklasse der Applikation." alt="" coords="1105,304,1215,331">
<area shape="rect" href="$_r_f_i_d___c_r500_8cpp.html" title="Enthält alle Eigenschaften des RFID&#45;Lesers CR500&#45;USB." alt="" coords="1059,229,1261,256">
<area shape="rect" href="$rfidinputdialog_8cpp.html" title="Stellt die Eingabemaske, sowie die benötigten Funktionen zum auswerten von RFID&#45;Tags..." alt="" coords="1716,155,1921,181">
<area shape="rect" href="$rfid_thread_8cpp.html" title="Erstellt einen Thread, welcher alle 0.5 Sekunden prüft ob eine Karte im Feld des..." alt="" coords="1188,155,1372,181">
<area shape="rect" href="$rfid_thread_8h.html" title="Erstellt einen Thread, welcher alle 0.5 Sekunden prüft ob eine Karte im Feld des..." alt="" coords="895,80,1063,107">
<area shape="rect" href="$moc__rfidinputdialog_8cpp.html" title="debug/moc_rfidinputdialog.cpp" alt="" coords="1447,155,1641,181">
<area shape="rect" href="$tableeditdialog_8h.html" title="Dieser Dialog dient dem Editieren der Eintraege." alt="" coords="488,229,603,256">
<area shape="rect" href="$logondialog_8h.html" title="Dieser Dialog ist das Login des Programms. Es dient zur Authentifizierung des Benutzers..." alt="" coords="195,229,291,256">
<area shape="rect" href="$logondialog_8cpp.html" title="Dieser Dialog ist das Login des Programms. Es dient zur Authentifizierung des Benutzers..." alt="" coords="309,304,421,331">
<area shape="rect" href="$main_8cpp.html" title="Das main Initialisiert das Programm und erstellt den Hauptdialog." alt="" coords="5,304,80,331">
<area shape="rect" href="$db_thread_8cpp.html" title="Dieser Thread ueberprueft alle 5 Sekunden die Verbindung zur Datenbank." alt="" coords="365,229,464,256">
<area shape="rect" href="$moc__beo__timing_8cpp.html" title="debug/moc_beo_timing.cpp" alt="" coords="627,229,805,256">
<area shape="rect" href="$neuesrennendialog_8cpp.html" title="Dieser Dialog dient zum erstellen eines neunen Rennens." alt="" coords="829,229,984,256">
<area shape="rect" href="$moc__tableeditdialog_8cpp.html" title="debug/moc_tableeditdialog.cpp" alt="" coords="445,304,645,331">
<area shape="rect" href="$tableeditdialog_8cpp.html" title="Dieser Dialog dient dem Editieren der Eintraege." alt="" coords="669,304,797,331">
<area shape="rect" href="$moc__logondialog_8cpp.html" title="debug/moc_logondialog.cpp" alt="" coords="104,304,285,331">
<area shape="rect" href="$moc__rfid_thread_8cpp.html" title="debug/moc_rfidThread.cpp" alt="" coords="889,155,1063,181">
