<area shape="rect" href="$beo__timing_8h.html" title="Hauptklasse der Applikation." alt="" coords="1056,155,1152,181">
<area shape="rect" href="$beo__timing_8cpp.html" title="Hauptklasse der Applikation." alt="" coords="1325,304,1435,331">
<area shape="rect" href="$tableeditdialog_8h.html" title="Dieser Dialog dient dem Editieren der Eintraege." alt="" coords="200,229,315,256">
<area shape="rect" href="$tableeditdialog_8cpp.html" title="Dieser Dialog dient dem Editieren der Eintraege." alt="" coords="5,304,133,331">
<area shape="rect" href="$logondialog_8h.html" title="Dieser Dialog ist das Login des Programms. Es dient zur Authentifizierung des Benutzers..." alt="" coords="389,229,485,256">
<area shape="rect" href="$logondialog_8cpp.html" title="Dieser Dialog ist das Login des Programms. Es dient zur Authentifizierung des Benutzers..." alt="" coords="381,304,493,331">
<area shape="rect" href="$passwordchangedialog_8h.html" title="Dieser Dialog dient zum aendern des Passworts des angemeldeten Benutzers." alt="" coords="705,80,868,107">
<area shape="rect" href="$passwordchangedialog_8cpp.html" title="Dieser Dialog dient zum aendern des Passworts des angemeldeten Benutzers." alt="" coords="301,155,477,181">
<area shape="rect" href="$neueruserdialog_8h.html" title="Dieser Dialog dient zum erstellen eines neuen Benutzers." alt="" coords="1144,80,1267,107">
<area shape="rect" href="$neueruserdialog_8cpp.html" title="Dieser Dialog dient zum erstellen eines neuen Benutzers." alt="" coords="1251,155,1387,181">
<area shape="rect" href="$hardwarekonfiguration_8h.html" title="Dieser Dialog erstellt eine Konfiguration fuer eine Anlage." alt="" coords="1345,80,1503,107">
<area shape="rect" href="$hardwarekonfiguration_8cpp.html" title="Dieser Dialog erstellt eine Konfiguration fuer eine Anlage." alt="" coords="1728,155,1899,181">
<area shape="rect" href="$rechteanpassen_8h.html" title="Dieser Dialog dient zum anpassen der Rechte eines beliebigen Benutzers." alt="" coords="1875,80,1997,107">
<area shape="rect" href="$rechteanpassen_8cpp.html" title="Dieser Dialog dient zum anpassen der Rechte eines beliebigen Benutzers." alt="" coords="2205,155,2344,181">
<area shape="rect" href="$_user_8cpp.html" title="Diese Klasse symbolisiert einen Benutzer und stellt Funktionen bereit." alt="" coords="2419,80,2491,107">
<area shape="rect" href="$main_8cpp.html" title="Das main Initialisiert das Programm und erstellt den Hauptdialog." alt="" coords="988,304,1063,331">
<area shape="rect" href="$db_thread_8cpp.html" title="Dieser Thread ueberprueft alle 5 Sekunden die Verbindung zur Datenbank." alt="" coords="560,229,659,256">
<area shape="rect" href="$moc__beo__timing_8cpp.html" title="debug/moc_beo_timing.cpp" alt="" coords="683,229,861,256">
<area shape="rect" href="$neuesrennendialog_8cpp.html" title="Dieser Dialog dient zum erstellen eines neunen Rennens." alt="" coords="885,229,1040,256">
<area shape="rect" href="$_r_f_i_d___c_r500_8cpp.html" title="Enthält alle Eigenschaften des RFID&#45;Lesers CR500&#45;USB." alt="" coords="1064,229,1267,256">
<area shape="rect" href="$moc__tableeditdialog_8cpp.html" title="debug/moc_tableeditdialog.cpp" alt="" coords="157,304,357,331">
<area shape="rect" href="$moc__logondialog_8cpp.html" title="debug/moc_logondialog.cpp" alt="" coords="517,304,699,331">
<area shape="rect" href="$moc__passwordchangedialog_8cpp.html" title="debug/moc_passwordchangedialog.cpp" alt="" coords="501,155,749,181">
<area shape="rect" href="$moc__neueruserdialog_8cpp.html" title="debug/moc_neueruserdialog.cpp" alt="" coords="824,155,1032,181">
<area shape="rect" href="$moc__hardwarekonfiguration_8cpp.html" title="debug/moc_hardwarekonfiguration.cpp" alt="" coords="1461,155,1704,181">
<area shape="rect" href="$moc__rechteanpassen_8cpp.html" title="debug/moc_rechteanpassen.cpp" alt="" coords="1973,155,2181,181">
