<area shape="rect" href="$class_b_e_o___timing.html#63c37dc34b4caddfea648850ce260c28" title="Verbindet die Aktionen mit dem Slots (Benutzermenue)." alt="" coords="244,6,415,32">
<area shape="rect" href="$class_b_e_o___timing.html#8f8ee452bed83bd1eb01ba25f3074232" title="Erstellt die Statusbar mit den drei Labeln." alt="" coords="232,56,427,83">
<area shape="rect" href="$class_b_e_o___timing.html#7f935167b5af6676da6cf85084118575" title="Erstellt die Symbolliste mit den ausgewählten Aktionen." alt="" coords="240,107,419,134">
<area shape="rect" href="$class_database.html#b480eca23d1bf71206cab822da9b0246" title="Database::getDb" alt="" coords="271,158,388,184">
<area shape="rect" href="$class_user.html#58c0c89c438e6091bb8e056b421efed6" title="LogonSuccess überprüfen." alt="" coords="249,208,409,235">
<area shape="rect" href="$class_b_e_o___timing.html#fa8e65c455ffd3b02112fdd4e6e76878" title="Versionscheck." alt="" coords="245,259,413,286">
<area shape="rect" href="$class_ui___b_e_o___timing_class.html#1c3e4c81dd35c43209c07487ed5a841c" title="Ui_BEO_TimingClass::setupUi" alt="" coords="231,310,428,336">
<area shape="rect" href="$class_b_e_o___timing.html#cd12cfc862cb158f92a7500f836783c7" title="Setzt die Benutzerrechte für die verschiedenen Aktionen." alt="" coords="237,360,421,387">
<area shape="rect" href="$class_b_e_o___timing.html#cd19a9b93fb9492e5ed537a8bc15af45" title="Bereitet die Baumansicht zur Darstellung vor." alt="" coords="239,411,420,438">
<area shape="rect" href="$class_ui___b_e_o___timing_class.html#e3a56257329a6c1eb15b98af80d6ded1" title="Ui_BEO_TimingClass::retranslateUi" alt="" coords="479,310,705,336">
<area shape="rect" href="$class_user.html#f6482cc57caa04a2c718fb059b2c1336" title="Gibt den Usertype zurück." alt="" coords="529,360,655,387">
