<area shape="rect" href="$class_ui_1_1_logon_dialog_class.html" title="Ui::LogonDialogClass" alt="" coords="961,31,1105,57">
<area shape="rect" href="$class_ui___logon_dialog_class.html" title="Ui_LogonDialogClass" alt="" coords="664,5,808,32">
<area shape="rect" href="$class_user.html" title="Diese Klasse symbolisiert einen Benutzer und stellt Funktionen bereit." alt="" coords="397,229,445,256">
<area shape="rect" href="$class_b_e_o___timing.html" title="Hauptklasse der Applikation." alt="" coords="987,461,1080,488">
<area shape="rect" href="$class_neuer_user_dialog.html" title="Dieser Dialog dient zum erstellen eines neuen Benutzers." alt="" coords="677,323,795,349">
<area shape="rect" href="$class_password_change_dialog.html" title="Dieser Dialog dient zum aendern des Passworts des angemeldeten Benutzers." alt="" coords="657,411,815,437">
<area shape="rect" href="$class_rechte_anpassen.html" title="Dieser Dialog dient zum anpassen der Rechte eines beliebigen Benutzers." alt="" coords="676,461,796,488">
<area shape="rect" href="$class_ui_1_1_neuer_user_dialog_class.html" title="Ui::NeuerUserDialogClass" alt="" coords="336,323,507,349">
<area shape="rect" href="$class_ui___neuer_user_dialog_class.html" title="Ui_NeuerUserDialogClass" alt="" coords="25,323,196,349">
<area shape="rect" href="$class_hardware_konfiguration.html" title="Dieser Dialog erstellt eine Konfiguration fuer eine Anlage." alt="" coords="661,512,811,539">
<area shape="rect" href="$class_ui_1_1_hardware_konfiguration_class.html" title="Ui::HardwareKonfigurationClass" alt="" coords="320,529,523,556">
<area shape="rect" href="$class_ui___hardware_konfiguration_class.html" title="Ui_HardwareKonfigurationClass" alt="" coords="9,529,212,556">
<area shape="rect" href="$class_ui_1_1_password_change_dialog_class.html" title="Ui::PasswordChangeDialogClass" alt="" coords="316,428,527,455">
<area shape="rect" href="$class_ui___password_change_dialog_class.html" title="Ui_PasswordChangeDialogClass" alt="" coords="5,428,216,455">
<area shape="rect" href="$class_r_f_i_d___c_r500.html" title="Enthält alle Eigenschaften des RFID&#45;Lesers CR500&#45;USB." alt="" coords="373,607,469,633">
<area shape="rect" href="$class_r_f_i_d___thread.html" title="Erstellt einen Thread, welcher alle 0.5 Sekunden prüft ob eine Karte im Feld des..." alt="" coords="688,563,784,589">
<area shape="rect" href="$struct_m_y_t_i_m_e.html" title="Struktur fuer die Fahrzeit (Groesse 4 Byte)." alt="" coords="75,648,147,675">
<area shape="rect" href="$struct_m_y_d_a_t_e.html" title="Struktur fuer die Start&#45; und Endzeit (Groesse 7 Byte)." alt="" coords="73,597,148,624">
<area shape="rect" href="$class_d_b___thread.html" title="Dieser Thread ueberprueft alle 5 Sekunden die Verbindung zur Datenbank." alt="" coords="693,677,779,704">
<area shape="rect" href="$class_database.html" title="Diese Klasse symbolisiert die Datenbank. Sie erstellt die Verbindung und stellt verschiedene..." alt="" coords="384,708,459,735">
<area shape="rect" href="$class_ui_1_1_b_e_o___timing_class.html" title="Ui::BEO_TimingClass" alt="" coords="663,792,809,819">
<area shape="rect" href="$class_ui___b_e_o___timing_class.html" title="Ui_BEO_TimingClass" alt="" coords="348,792,495,819">
<area shape="rect" href="$class_logfile_lesen_dialog.html" title="Dieser Dialog sucht eine Log&#45;Datei einer Zielstation nach nicht uebermittelten Eintraegen..." alt="" coords="672,56,800,83">
<area shape="rect" href="$class_ui_1_1_logfile_lesen_dialog_class.html" title="Ui::LogfileLesenDialogClass" alt="" coords="331,56,512,83">
<area shape="rect" href="$class_ui___logfile_lesen_dialog_class.html" title="Ui_LogfileLesenDialogClass" alt="" coords="20,56,201,83">
<area shape="rect" href="$class_ui_1_1_rechte_anpassen_class.html" title="Ui::RechteAnpassenClass" alt="" coords="335,479,508,505">
<area shape="rect" href="$class_ui___rechte_anpassen_class.html" title="Ui_RechteAnpassenClass" alt="" coords="25,479,196,505">
<area shape="rect" href="$class_neues_rennen_dialog.html" title="Dieser Dialog dient zum erstellen eines neunen Rennens." alt="" coords="667,157,805,184">
<area shape="rect" href="$class_ui_1_1_neues_rennen_dialog_class.html" title="Ui::NeuesRennenDialogClass" alt="" coords="325,149,517,176">
<area shape="rect" href="$class_ui___neues_rennen_dialog_class.html" title="Ui_NeuesRennenDialogClass" alt="" coords="16,149,205,176">
