<area shape="rect" href="$beo__timing_8h.html" title="Hauptklasse der Applikation." alt="" coords="673,80,769,106">
<area shape="rect" href="$beo__timing_8cpp.html" title="Hauptklasse der Applikation." alt="" coords="116,229,225,256">
<area shape="rect" href="$db_thread_8cpp.html" title="Dieser Thread ueberprueft alle 5 Sekunden die Verbindung zur Datenbank." alt="" coords="1024,154,1123,181">
<area shape="rect" href="$moc__db_thread_8cpp.html" title="debug/moc_dbThread.cpp" alt="" coords="868,80,1039,106">
<area shape="rect" href="$tableeditdialog_8h.html" title="Dieser Dialog dient dem Editieren der Eintraege." alt="" coords="664,154,779,181">
<area shape="rect" href="$logondialog_8h.html" title="Dieser Dialog ist das Login des Programms. Es dient zur Authentifizierung des Benutzers..." alt="" coords="853,154,949,181">
<area shape="rect" href="$logondialog_8cpp.html" title="Dieser Dialog ist das Login des Programms. Es dient zur Authentifizierung des Benutzers..." alt="" coords="1083,229,1195,256">
<area shape="rect" href="$main_8cpp.html" title="Das main Initialisiert das Programm und erstellt den Hauptdialog." alt="" coords="779,229,853,256">
<area shape="rect" href="$moc__beo__timing_8cpp.html" title="debug/moc_beo_timing.cpp" alt="" coords="56,154,235,181">
<area shape="rect" href="$neuesrennendialog_8cpp.html" title="Dieser Dialog dient zum erstellen eines neunen Rennens." alt="" coords="259,154,413,181">
<area shape="rect" href="$_r_f_i_d___c_r500_8cpp.html" title="Enthält alle Eigenschaften des RFID&#45;Lesers CR500&#45;USB." alt="" coords="437,154,640,181">
<area shape="rect" href="$moc__tableeditdialog_8cpp.html" title="debug/moc_tableeditdialog.cpp" alt="" coords="403,229,603,256">
<area shape="rect" href="$tableeditdialog_8cpp.html" title="Dieser Dialog dient dem Editieren der Eintraege." alt="" coords="627,229,755,256">
<area shape="rect" href="$moc__logondialog_8cpp.html" title="debug/moc_logondialog.cpp" alt="" coords="877,229,1059,256">
