<area shape="rect" href="$logondialog_8h.html" title="Dieser Dialog ist das Login des Programms. Es dient zur Authentifizierung des Benutzers..." alt="" coords="2375,80,2471,107">
<area shape="rect" href="$_database_8h.html" title="Diese Klasse symbolisiert die Datenbank. Sie erstellt die Verbindung und stellt verschiedene..." alt="" coords="2515,304,2603,331">
<area shape="rect" href="$beo__timing_8h.html" title="Hauptklasse der Applikation." alt="" coords="2375,155,2471,181">
<area shape="rect" href="$_user_8h.html" title="Diese Klasse symbolisiert einen Benutzer und stellt Funktionen bereit." alt="" coords="2697,304,2756,331">
<area shape="rect" href="$md5_8h.html" title="Diese Funktionen liefern die Moeglichkeit, einen MD5&#45;Hash eines beliebigen String..." alt="" coords="3116,80,3201,107">
<area shape="rect" href="$ui__logondialog_8h.html" title="ui_logondialog.h" alt="" coords="1581,304,1696,331">
<area shape="rect" href="$ui__beo__timing_8h.html" title="ui_beo_timing.h" alt="" coords="2261,304,2373,331">
<area shape="rect" href="$rfidinputdialog_8h.html" title="Stellt die Eingabemaske, sowie die benötigten Funktionen zum auswerten von RFID&#45;Tags..." alt="" coords="2849,229,3041,256">
<area shape="rect" href="$_r_f_i_d___c_r500_8h.html" title="Enthält alle Eigenschaften des RFID&#45;Lesers CR500&#45;USB." alt="" coords="3167,304,3353,331">
<area shape="rect" href="$db_thread_8h.html" title="Dieser Thread ueberprueft alle 5 Sekunden die Verbindung zur Datenbank." alt="" coords="2436,229,2521,256">
<area shape="rect" href="$passwordchangedialog_8h.html" title="Dieser Dialog dient zum aendern des Passworts des angemeldeten Benutzers." alt="" coords="1673,229,1836,256">
<area shape="rect" href="$neueruserdialog_8h.html" title="Dieser Dialog dient zum erstellen eines neuen Benutzers." alt="" coords="1860,229,1983,256">
<area shape="rect" href="$neuesrennendialog_8h.html" title="Dieser Dialog dient zum erstellen eines neunen Rennens." alt="" coords="713,229,852,256">
<area shape="rect" href="$hardwarekonfiguration_8h.html" title="Dieser Dialog erstellt eine Konfiguration fuer eine Anlage." alt="" coords="2007,229,2164,256">
<area shape="rect" href="$logfilelesendialog_8h.html" title="Dieser Dialog sucht eine Log&#45;Datei einer Zielstation nach nicht uebermittelten Eintraegen..." alt="" coords="1253,229,1384,256">
<area shape="rect" href="$rechteanpassen_8h.html" title="Dieser Dialog dient zum anpassen der Rechte eines beliebigen Benutzers." alt="" coords="2188,229,2311,256">
<area shape="rect" href="$rfid_thread_8h.html" title="Erstellt einen Thread, welcher alle 0.5 Sekunden prüft ob eine Karte im Feld des..." alt="" coords="3217,229,3385,256">
<area shape="rect" href="$ui__rfidinputdialog_8h.html" title="ui_rfidinputdialog.h" alt="" coords="552,304,680,331">
<area shape="rect" href="$ui__passwordchangedialog_8h.html" title="ui_passwordchangedialog.h" alt="" coords="1720,304,1899,331">
<area shape="rect" href="$ui__neueruserdialog_8h.html" title="ui_neueruserdialog.h" alt="" coords="1083,304,1221,331">
<area shape="rect" href="$ui__neuesrennendialog_8h.html" title="ui_neuesrennendialog.h" alt="" coords="704,304,861,331">
<area shape="rect" href="$ui__hardwarekonfiguration_8h.html" title="ui_hardwarekonfiguration.h" alt="" coords="885,304,1059,331">
<area shape="rect" href="$ui__logfilelesendialog_8h.html" title="ui_logfilelesendialog.h" alt="" coords="1245,304,1392,331">
<area shape="rect" href="$ui__rechteanpassen_8h.html" title="ui_rechteanpassen.h" alt="" coords="1416,304,1557,331">
