<area shape="rect" href="$beo__timing_8h.html" title="Hauptklasse der Applikation." alt="" coords="720,155,816,182">
<area shape="rect" href="$logondialog_8h.html" title="Dieser Dialog ist das Login des Programms. Es dient zur Authentifizierung des Benutzers..." alt="" coords="805,80,901,107">
<area shape="rect" href="$ui__beo__timing_8h.html" title="ui_beo_timing.h" alt="" coords="2976,304,3088,331">
<area shape="rect" href="$rfidinputdialog_8h.html" title="Stellt die Eingabemaske, sowie die benötigten Funktionen zum auswerten von RFID&#45;Tags..." alt="" coords="336,230,528,256">
<area shape="rect" href="$_r_f_i_d___c_r500_8h.html" title="Enthält alle Eigenschaften des RFID&#45;Lesers CR500&#45;USB." alt="" coords="208,304,395,331">
<area shape="rect" href="$_database_8h.html" title="Diese Klasse symbolisiert die Datenbank. Sie erstellt die Verbindung und stellt verschiedene..." alt="" coords="653,304,741,331">
<area shape="rect" href="$db_thread_8h.html" title="Dieser Thread ueberprueft alle 5 Sekunden die Verbindung zur Datenbank." alt="" coords="653,230,739,256">
<area shape="rect" href="$_user_8h.html" title="Diese Klasse symbolisiert einen Benutzer und stellt Funktionen bereit." alt="" coords="864,304,923,331">
<area shape="rect" href="$passwordchangedialog_8h.html" title="Dieser Dialog dient zum aendern des Passworts des angemeldeten Benutzers." alt="" coords="1243,230,1405,256">
<area shape="rect" href="$neueruserdialog_8h.html" title="Dieser Dialog dient zum erstellen eines neuen Benutzers." alt="" coords="915,230,1037,256">
<area shape="rect" href="$neuesrennendialog_8h.html" title="Dieser Dialog dient zum erstellen eines neunen Rennens." alt="" coords="1576,230,1715,256">
<area shape="rect" href="$hardwarekonfiguration_8h.html" title="Dieser Dialog erstellt eine Konfiguration fuer eine Anlage." alt="" coords="1061,230,1219,256">
<area shape="rect" href="$logfilelesendialog_8h.html" title="Dieser Dialog sucht eine Log&#45;Datei einer Zielstation nach nicht uebermittelten Eintraegen..." alt="" coords="1789,230,1920,256">
<area shape="rect" href="$rechteanpassen_8h.html" title="Dieser Dialog dient zum anpassen der Rechte eines beliebigen Benutzers." alt="" coords="1429,230,1552,256">
<area shape="rect" href="$rfid_thread_8h.html" title="Erstellt einen Thread, welcher alle 0.5 Sekunden prüft ob eine Karte im Feld des..." alt="" coords="93,230,261,256">
<area shape="rect" href="$ui__rfidinputdialog_8h.html" title="ui_rfidinputdialog.h" alt="" coords="1612,304,1740,331">
<area shape="rect" href="$ui__passwordchangedialog_8h.html" title="ui_passwordchangedialog.h" alt="" coords="2263,304,2441,331">
<area shape="rect" href="$ui__neueruserdialog_8h.html" title="ui_neueruserdialog.h" alt="" coords="1764,304,1903,331">
<area shape="rect" href="$ui__neuesrennendialog_8h.html" title="ui_neuesrennendialog.h" alt="" coords="1431,304,1588,331">
<area shape="rect" href="$ui__hardwarekonfiguration_8h.html" title="ui_hardwarekonfiguration.h" alt="" coords="2065,304,2239,331">
<area shape="rect" href="$ui__logfilelesendialog_8h.html" title="ui_logfilelesendialog.h" alt="" coords="2465,304,2612,331">
<area shape="rect" href="$ui__rechteanpassen_8h.html" title="ui_rechteanpassen.h" alt="" coords="2636,304,2777,331">
<area shape="rect" href="$ui__logondialog_8h.html" title="ui_logondialog.h" alt="" coords="1927,304,2041,331">
