<area shape="rect" href="$tableeditdialog_8h.html" title="Dieser Dialog dient dem Editieren der Eintraege." alt="" coords="1396,80,1524,107">
<area shape="rect" href="$ui__tableeditdialog_8h.html" title="ui_tableeditdialog.h" alt="" coords="2587,304,2717,331">
<area shape="rect" href="$_user_8h.html" title="Diese Klasse symbolisiert einen Benutzer und stellt Funktionen bereit." alt="" coords="1372,304,1431,331">
<area shape="rect" href="$beo__timing_8h.html" title="Hauptklasse der Applikation." alt="" coords="1408,155,1512,182">
<area shape="rect" href="$ui__beo__timing_8h.html" title="ui_beo_timing.h" alt="" coords="1455,304,1567,331">
<area shape="rect" href="$rfidinputdialog_8h.html" title="Stellt die Eingabemaske, sowie die benötigten Funktionen zum auswerten von RFID&#45;Tags..." alt="" coords="784,230,976,256">
<area shape="rect" href="$_r_f_i_d___c_r500_8h.html" title="Enthält alle Eigenschaften des RFID&#45;Lesers CR500&#45;USB." alt="" coords="779,304,965,331">
<area shape="rect" href="$_database_8h.html" title="Diese Klasse symbolisiert die Datenbank. Sie erstellt die Verbindung und stellt verschiedene..." alt="" coords="380,304,468,331">
<area shape="rect" href="$db_thread_8h.html" title="Dieser Thread ueberprueft alle 5 Sekunden die Verbindung zur Datenbank." alt="" coords="381,230,467,256">
<area shape="rect" href="$passwordchangedialog_8h.html" title="Dieser Dialog dient zum aendern des Passworts des angemeldeten Benutzers." alt="" coords="1617,230,1780,256">
<area shape="rect" href="$neueruserdialog_8h.html" title="Dieser Dialog dient zum erstellen eines neuen Benutzers." alt="" coords="1880,230,2003,256">
<area shape="rect" href="$neuesrennendialog_8h.html" title="Dieser Dialog dient zum erstellen eines neunen Rennens." alt="" coords="2415,230,2553,256">
<area shape="rect" href="$hardwarekonfiguration_8h.html" title="Dieser Dialog erstellt eine Konfiguration fuer eine Anlage." alt="" coords="2201,230,2359,256">
<area shape="rect" href="$logfilelesendialog_8h.html" title="Dieser Dialog sucht eine Log&#45;Datei einer Zielstation nach nicht uebermittelten Eintraegen..." alt="" coords="2901,230,3032,256">
<area shape="rect" href="$rechteanpassen_8h.html" title="Dieser Dialog dient zum anpassen der Rechte eines beliebigen Benutzers." alt="" coords="2040,230,2163,256">
<area shape="rect" href="$rfid_thread_8h.html" title="Erstellt einen Thread, welcher alle 0.5 Sekunden prüft ob eine Karte im Feld des..." alt="" coords="592,230,760,256">
<area shape="rect" href="$ui__rfidinputdialog_8h.html" title="ui_rfidinputdialog.h" alt="" coords="2741,304,2869,331">
<area shape="rect" href="$ui__passwordchangedialog_8h.html" title="ui_passwordchangedialog.h" alt="" coords="1677,304,1856,331">
<area shape="rect" href="$ui__neueruserdialog_8h.html" title="ui_neueruserdialog.h" alt="" coords="1880,304,2019,331">
<area shape="rect" href="$ui__neuesrennendialog_8h.html" title="ui_neuesrennendialog.h" alt="" coords="2405,304,2563,331">
<area shape="rect" href="$ui__hardwarekonfiguration_8h.html" title="ui_hardwarekonfiguration.h" alt="" coords="2208,304,2381,331">
<area shape="rect" href="$ui__logfilelesendialog_8h.html" title="ui_logfilelesendialog.h" alt="" coords="2893,304,3040,331">
<area shape="rect" href="$ui__rechteanpassen_8h.html" title="ui_rechteanpassen.h" alt="" coords="2043,304,2184,331">
