<area shape="rect" href="$beo__timing_8h.html" title="Hauptklasse der Applikation." alt="" coords="685,80,792,107">
<area shape="rect" href="$ui__beo__timing_8h.html" title="ui_beo_timing.h" alt="" coords="3015,229,3127,256">
<area shape="rect" href="$rfidinputdialog_8h.html" title="Stellt die Eingabemaske, sowie die benötigten Funktionen zum auswerten von RFID&#45;Tags..." alt="" coords="248,155,440,181">
<area shape="rect" href="$_r_f_i_d___c_r500_8h.html" title="Enthält alle Eigenschaften des RFID&#45;Lesers CR500&#45;USB." alt="" coords="164,229,351,256">
<area shape="rect" href="$_database_8h.html" title="Diese Klasse symbolisiert die Datenbank. Sie erstellt die Verbindung und stellt verschiedene..." alt="" coords="563,229,651,256">
<area shape="rect" href="$db_thread_8h.html" title="Dieser Thread überprüft alle 5 Sekunden die Verbindung zur Datenbank." alt="" coords="565,155,651,181">
<area shape="rect" href="$_user_8h.html" title="Diese Klasse symbolisiert einen Benutzer und stellt Funktionen bereit." alt="" coords="759,229,817,256">
<area shape="rect" href="$passwordchangedialog_8h.html" title="Dieser Dialog dient zum ändern des Passworts des angemeldeten Benutzers." alt="" coords="1251,155,1413,181">
<area shape="rect" href="$neueruserdialog_8h.html" title="Dieser Dialog dient zum erstellen eines neuen Benutzers." alt="" coords="957,155,1080,181">
<area shape="rect" href="$neuesrennendialog_8h.html" title="Dieser Dialog dient zum erstellen eines neunen Rennens." alt="" coords="1437,155,1576,181">
<area shape="rect" href="$hardwarekonfiguration_8h.html" title="Dieser Dialog erstellt eine Konfiguration für eine Anlage." alt="" coords="776,155,933,181">
<area shape="rect" href="$logfilelesendialog_8h.html" title="Dieser Dialog sucht eine Log&#45;Datei einer Zielstation nach nicht übermittelten Einträgen..." alt="" coords="1600,155,1731,181">
<area shape="rect" href="$rechteanpassen_8h.html" title="Dieser Dialog dient zum anpassen der Rechte eines beliebigen Benutzers." alt="" coords="1104,155,1227,181">
<area shape="rect" href="$rfid_thread_8h.html" title="Erstellt einen Thread, welcher alle 0.5 Sekunden prüft ob eine Karte im Feld des..." alt="" coords="5,155,173,181">
<area shape="rect" href="$ui__rfidinputdialog_8h.html" title="ui_rfidinputdialog.h" alt="" coords="1400,229,1528,256">
<area shape="rect" href="$ui__passwordchangedialog_8h.html" title="ui_passwordchangedialog.h" alt="" coords="2429,229,2608,256">
<area shape="rect" href="$ui__neueruserdialog_8h.html" title="ui_neueruserdialog.h" alt="" coords="1931,229,2069,256">
<area shape="rect" href="$ui__neuesrennendialog_8h.html" title="ui_neuesrennendialog.h" alt="" coords="1749,229,1907,256">
<area shape="rect" href="$ui__hardwarekonfiguration_8h.html" title="ui_hardwarekonfiguration.h" alt="" coords="1552,229,1725,256">
<area shape="rect" href="$ui__logfilelesendialog_8h.html" title="ui_logfilelesendialog.h" alt="" coords="2093,229,2240,256">
<area shape="rect" href="$ui__rechteanpassen_8h.html" title="ui_rechteanpassen.h" alt="" coords="2264,229,2405,256">
