<area shape="rect" href="$ui__tableeditdialog_8h.html" title="ui_tableeditdialog.h" alt="" coords="2311,229,2441,256">
<area shape="rect" href="$_user_8h.html" title="Diese Klasse symbolisiert einen Benutzer und stellt Funktionen bereit." alt="" coords="996,229,1055,256">
<area shape="rect" href="$beo__timing_8h.html" title="Hauptklasse der Applikation." alt="" coords="965,80,1069,107">
<area shape="rect" href="$ui__beo__timing_8h.html" title="ui_beo_timing.h" alt="" coords="2769,229,2881,256">
<area shape="rect" href="$rfidinputdialog_8h.html" title="Stellt die Eingabemaske, sowie die benötigten Funktionen zum auswerten von RFID&#45;Tags..." alt="" coords="537,155,729,181">
<area shape="rect" href="$_r_f_i_d___c_r500_8h.html" title="Enthält alle Eigenschaften des RFID&#45;Lesers CR500&#45;USB." alt="" coords="488,229,675,256">
<area shape="rect" href="$_database_8h.html" title="Diese Klasse symbolisiert die Datenbank. Sie erstellt die Verbindung und stellt verschiedene..." alt="" coords="325,229,413,256">
<area shape="rect" href="$db_thread_8h.html" title="Dieser Thread ueberprueft alle 5 Sekunden die Verbindung zur Datenbank." alt="" coords="327,155,412,181">
<area shape="rect" href="$passwordchangedialog_8h.html" title="Dieser Dialog dient zum aendern des Passworts des angemeldeten Benutzers." alt="" coords="1529,155,1692,181">
<area shape="rect" href="$neueruserdialog_8h.html" title="Dieser Dialog dient zum erstellen eines neuen Benutzers." alt="" coords="1236,155,1359,181">
<area shape="rect" href="$neuesrennendialog_8h.html" title="Dieser Dialog dient zum erstellen eines neunen Rennens." alt="" coords="1716,155,1855,181">
<area shape="rect" href="$hardwarekonfiguration_8h.html" title="Dieser Dialog erstellt eine Konfiguration fuer eine Anlage." alt="" coords="1055,155,1212,181">
<area shape="rect" href="$logfilelesendialog_8h.html" title="Dieser Dialog sucht eine Log&#45;Datei einer Zielstation nach nicht uebermittelten Eintraegen..." alt="" coords="2148,155,2279,181">
<area shape="rect" href="$rechteanpassen_8h.html" title="Dieser Dialog dient zum anpassen der Rechte eines beliebigen Benutzers." alt="" coords="1383,155,1505,181">
<area shape="rect" href="$rfid_thread_8h.html" title="Erstellt einen Thread, welcher alle 0.5 Sekunden prüft ob eine Karte im Feld des..." alt="" coords="753,155,921,181">
<area shape="rect" href="$ui__rfidinputdialog_8h.html" title="ui_rfidinputdialog.h" alt="" coords="1079,229,1207,256">
<area shape="rect" href="$ui__passwordchangedialog_8h.html" title="ui_passwordchangedialog.h" alt="" coords="1937,229,2116,256">
<area shape="rect" href="$ui__neueruserdialog_8h.html" title="ui_neueruserdialog.h" alt="" coords="1428,229,1567,256">
<area shape="rect" href="$ui__neuesrennendialog_8h.html" title="ui_neuesrennendialog.h" alt="" coords="1591,229,1748,256">
<area shape="rect" href="$ui__hardwarekonfiguration_8h.html" title="ui_hardwarekonfiguration.h" alt="" coords="1231,229,1404,256">
<area shape="rect" href="$ui__logfilelesendialog_8h.html" title="ui_logfilelesendialog.h" alt="" coords="2140,229,2287,256">
<area shape="rect" href="$ui__rechteanpassen_8h.html" title="ui_rechteanpassen.h" alt="" coords="1772,229,1913,256">
