<area shape="rect" href="$passwordchangedialog_8h.html" title="Dieser Dialog dient zum aendern des Passworts des angemeldeten Benutzers." alt="" coords="1148,80,1311,107">
<area shape="rect" href="$beo__timing_8h.html" title="Hauptklasse der Applikation." alt="" coords="615,155,711,181">
<area shape="rect" href="$beo__timing_8cpp.html" title="Hauptklasse der Applikation." alt="" coords="1044,304,1153,331">
<area shape="rect" href="$moc__passwordchangedialog_8cpp.html" title="debug/moc_passwordchangedialog.cpp" alt="" coords="1187,155,1435,181">
<area shape="rect" href="$passwordchangedialog_8cpp.html" title="Dieser Dialog dient zum aendern des Passworts des angemeldeten Benutzers." alt="" coords="1459,155,1635,181">
<area shape="rect" href="$tableeditdialog_8h.html" title="Dieser Dialog dient dem Editieren der Eintraege." alt="" coords="1187,229,1301,256">
<area shape="rect" href="$logondialog_8h.html" title="Dieser Dialog ist das Login des Programms. Es dient zur Authentifizierung des Benutzers..." alt="" coords="184,229,280,256">
<area shape="rect" href="$logondialog_8cpp.html" title="Dieser Dialog ist das Login des Programms. Es dient zur Authentifizierung des Benutzers..." alt="" coords="5,304,117,331">
<area shape="rect" href="$main_8cpp.html" title="Das main Initialisiert das Programm und erstellt den Hauptdialog." alt="" coords="347,304,421,331">
<area shape="rect" href="$db_thread_8cpp.html" title="Dieser Thread ueberprueft alle 5 Sekunden die Verbindung zur Datenbank." alt="" coords="355,229,453,256">
<area shape="rect" href="$moc__beo__timing_8cpp.html" title="debug/moc_beo_timing.cpp" alt="" coords="477,229,656,256">
<area shape="rect" href="$neuesrennendialog_8cpp.html" title="Dieser Dialog dient zum erstellen eines neunen Rennens." alt="" coords="680,229,835,256">
<area shape="rect" href="$_r_f_i_d___c_r500_8cpp.html" title="Enthält alle Eigenschaften des RFID&#45;Lesers CR500&#45;USB." alt="" coords="859,229,1061,256">
<area shape="rect" href="$moc__tableeditdialog_8cpp.html" title="debug/moc_tableeditdialog.cpp" alt="" coords="1331,304,1531,331">
<area shape="rect" href="$tableeditdialog_8cpp.html" title="Dieser Dialog dient dem Editieren der Eintraege." alt="" coords="1179,304,1307,331">
<area shape="rect" href="$moc__logondialog_8cpp.html" title="debug/moc_logondialog.cpp" alt="" coords="141,304,323,331">
